---
source: crates/gola-term/src/domain/services/bubble_test.rs
expression: lines_str
---
'''
╭Model────────────────────────────────────────╮
│ Here's how to print in Rust.                │
│                                             │
│ ```rust (10)                                │
│ fn print_numbers() {                        │
│     for i in 0..=0 {                        │
│         println!("{i}");                    │
│     }                                       │
│ }                                           │
│ ```                                         │
│                                             │
│ And in Javascript.                          │
│                                             │
│ ```javascript (11)                          │
│ // Hello World.                             │
│                                             │
│ // This is a really long line that pushes   │
│ the boundaries of 50 characters across the  │
│ screen, resulting in a code comment block   │
│ where the line is wrapped to the next line. │
│ Cool right?                                 │
│ function printNumbers() {                   │
│     let numbers = [];                       │
│     for (let i = 0; i <= 10; i++) {         │
│         numbers.push(i);                    │
│     }                                       │
│     return numbers.join('\n');              │
│ }                                           │
│ ```                                         │
│                                             │
│ This is a markdown codeblock that has no    │
│ language. We count it as well incase an LLM │
│ doesn't attach a language.                  │
│                                             │
│ ``` (12)                                    │
│ abc123                                      │
│ ```                                         │
│                                             │
│ Let's do Python as well!                    │
│                                             │
│ ```python (13)                              │
│ for i in range(11):                         │
│     print(i)                                │
│ ```                                         │
│                                             │
│ That's it!                                  │
╰─────────────────────────────────────────────╯'''
