---
source: crates/gola-term/src/domain/services/bubble_test.rs
expression: lines_str
---
'''
                                 ╭User───────╮
                                 │ Hi there! │
                                 ╰───────────╯'''
