---
source: crates/gola-term/src/domain/services/app_state_test.rs
expression: "messages[0].text"
---
'''
fn print_numbers() {
    for i in 0..=0 {
        println!("{i}");
    }
}'''
